Manager tick completed.

Decision:
- The current line is healthy and progressing.
- I allowed it to continue and did a supervisory state update only.
- No experiment-direction change was warranted this tick.

What I reviewed:
- `docs/experiments/autoresearch/manager_state.json`
- `docs/experiments/autoresearch/autoresearch_results.tsv`
- newest result artifact:
  - `docs/experiments/autoresearch/results/autoresearch-2026-06-04T07-39-24Z-bounded_v3-review-our-implementation-of-context-ofr-inferrence-in-sketc-tier1.json`
- newest raw run artifact:
  - `docs/experiments/raw_data/2026-06-04T07-39-24Z-bounded_v3-review-our-implementation-of-context-ofr-inferrence-in-sketc.json`
- `docs/experiments/autoresearch/variants.yaml`

Assessment:
- New completed run (`cycle=9`) reached `5/6`, which is the best result so far.
- Passed:
  - `required_files`
  - `test_coverage`
  - `adjacent_integration`
  - `schema_validity`
  - `repair_obedience`
- Failed:
  - `forced_report_obedience`

Why this matters:
- This is the first clearly healthy progression signal in the line.
- The run successfully read:
  - `context.go`
  - `sections.go`
  - `repo.go`
  - `context_test.go`
  - `main.go`
- So the previously unstable evidence-planning issues are now largely resolved:
  - full required core coverage
  - real adjacent non-context Go-file evidence
  - first-try valid JSON
- The only remaining miss is the control behavior after the boundary:
  - one post-boundary pseudo tool-call still appears during the coverage followup
  - repair then succeeds immediately

Conclusion:
- No harness/scorer issue is indicated.
- No retargeting is needed.
- No new prompt/control intervention is justified yet because the line is finally showing strong upward movement under the current variant mix.

Repo changes made:
- Updated `docs/experiments/autoresearch/manager_state.json` with:
  - `last_reviewed_at`
  - `next_meaningful_review_after`
  - `last_manager_action`
  - `last_tick_status`
  - `last_reviewed_results_path`
  - concise notes reflecting the new best run
- Kept `best_variant_id` as `baseline`
- Made no changes to `variants.yaml`

Supervisory continuity:
- Current stance: continue current line and watch whether forced-report obedience becomes the final solved metric.
- Next meaningful review is deferred until more post-breakthrough evidence accumulates.
