Manager tick completed.

Outcome:
- Performed a lightweight health check.
- Found no new autoresearch evidence since the prior review:
  - `autoresearch_results.tsv` still has the same single row
  - no new result file exists under `docs/experiments/autoresearch/results/`
  - no new raw artifact relevant to a completed post-intervention evaluation is present
- No infra, scorer, or harness issue is evident from current artifacts.

Action taken:
- Updated `docs/experiments/autoresearch/manager_state.json` with:
  - `last_reviewed_at`
  - `next_meaningful_review_after`
  - `last_manager_action`
  - `last_tick_status`
  - `last_reviewed_results_path`
  - notes capturing that this was a no-new-evidence health check
- Left `best_variant_id` unchanged as `baseline`
- Made no further variant or benchmark-policy edits because there is not enough fresh evidence to justify another intervention

Supervisory continuity:
- Current direction remains: let the expanded variant set continue running
- Next meaningful review is deferred until fresh results land
