Manager tick completed.

Decision:
- New evidence exists, but it does not justify another intervention yet.
- I performed a lightweight health check and updated supervisory state.
- The line is showing partial healthy progress, so I allowed it to continue.

What I reviewed:
- `docs/experiments/autoresearch/manager_state.json`
- `docs/experiments/autoresearch/autoresearch_results.tsv`
- newest result:
  - `docs/experiments/autoresearch/results/autoresearch-2026-06-04T06-04-23Z-bounded_v3-review-our-implementation-of-context-ofr-inferrence-in-sketc-tier1.json`
- newest raw run:
  - `docs/experiments/raw_data/2026-06-04T06-04-23Z-bounded_v3-review-our-implementation-of-context-ofr-inferrence-in-sketc.json`
- `docs/experiments/autoresearch/variants.yaml`

Assessment:
- Latest completed run reached `4/6`, which matches the prior best observed score.
- This run improved/stabilized:
  - `required_files`: pass
  - `test_coverage`: pass
  - `schema_validity`: pass
- Remaining failures are still:
  - `adjacent_integration`
  - `forced_report_obedience`
- Raw trace still shows the same unresolved behavioral defect:
  - no actual adjacent non-context Go file read
  - one post-boundary pseudo tool-call attempt after coverage followup

Why I did not intervene again:
- The recent policy changes appear to have improved stability on first-try JSON validity and core evidence selection.
- The benchmark family is still informative.
- No scorer/harness fault is evident.
- Since progress improved without solving the final failure pair, the right move is to let the current line continue and gather more post-change evidence before changing direction again.

Repo changes made:
- Updated `docs/experiments/autoresearch/manager_state.json` with:
  - `last_reviewed_at`
  - `next_meaningful_review_after`
  - `last_manager_action`
  - `last_tick_status`
  - `last_reviewed_results_path`
  - concise notes
- No variant changes this tick.
- `best_variant_id` remains `baseline`.

Supervisory continuity:
- Current stance: continue current line, watch for whether adjacent-evidence and boundary-obedience failures start to move.
- Next meaningful review is deferred until more completed runs accumulate.
