Manager tick completed.

Decision:
- I did a lightweight health check and allowed the current line to continue.
- There is fresh evidence, but not enough to justify another policy change yet.
- No infra/scorer/harness issue is indicated.

What I reviewed:
- `docs/experiments/autoresearch/manager_state.json`
- `docs/experiments/autoresearch/autoresearch_results.tsv`
- newest result artifact:
  - `docs/experiments/autoresearch/results/autoresearch-2026-06-04T07-20-00Z-bounded_v3-review-our-implementation-of-context-ofr-inferrence-in-sketc-tier1.json`
- newest raw run artifact:
  - `docs/experiments/raw_data/2026-06-04T07-20-00Z-bounded_v3-review-our-implementation-of-context-ofr-inferrence-in-sketc.json`
- current `docs/experiments/autoresearch/variants.yaml`

Assessment:
- Latest completed run (`cycle=8`) scored `3/6`.
- That is an improvement from `cycle=7` (`2/6`), though still below the prior best of `4/6`.
- Passes:
  - `test_coverage`
  - `schema_validity`
  - `repair_obedience`
- Fails:
  - `required_files`
  - `adjacent_integration`
  - `forced_report_obedience`

Interpretation:
- The current prompt controls appear to have produced partial recovery:
  - first-try schema validity recovered
  - `repo.go` reappeared in the repaired artifact
  - directory-placeholder behavior looks reduced versus the worst recent run
- But the core unresolved pair remains unchanged:
  - no actual adjacent non-context Go-file read
  - one post-boundary pseudo tool-call request still appears

Why I did not intervene again:
- This looks like partial progress under the current variant mix, not a flat plateau.
- The latest run moved upward from `2/6` to `3/6`.
- The benchmark family is still informative.
- There is still no indication of a scoring mismatch or harness bug.
- Given recent changes, the better supervisory move is to let the line accumulate more post-intervention evidence before adding another control.

Repo changes made:
- Updated `docs/experiments/autoresearch/manager_state.json` with:
  - `last_reviewed_at`
  - `next_meaningful_review_after`
  - `last_manager_action`
  - `last_tick_status`
  - `last_reviewed_results_path`
  - concise continuity notes
- No changes to `variants.yaml` this tick.
- `best_variant_id` remains `baseline`.

Supervisory continuity:
- Current direction remains active.
- Watch for whether:
  - `repo.go` stays stable in actual reads/artifacts
  - adjacent-file evidence finally becomes real
  - post-boundary pseudo-tool behavior drops to zero
- Next meaningful review is deferred until more completed runs arrive.
