Manager tick completed.

Decision:
- I performed a lightweight health check and left experiment policy unchanged.
- There is new evidence, but not enough to justify another intervention.
- The line should continue as-is for now.

What I reviewed:
- `docs/experiments/autoresearch/manager_state.json`
- `docs/experiments/autoresearch/autoresearch_results.tsv`
- newest result artifact:
  - `docs/experiments/autoresearch/results/autoresearch-2026-06-04T07-58-32Z-bounded_v3-review-our-implementation-of-context-ofr-inferrence-in-sketc-tier1.json`
- newest raw run artifact:
  - `docs/experiments/raw_data/2026-06-04T07-58-32Z-bounded_v3-review-our-implementation-of-context-ofr-inferrence-in-sketc.json`
- `docs/experiments/autoresearch/variants.yaml`

Assessment:
- Latest completed run (`cycle=10`) scored `4/6`.
- That is lower than the `5/6` breakthrough from `cycle=9`, but still materially better than the earlier unstable period.
- Passes:
  - `required_files`
  - `test_coverage`
  - `schema_validity`
  - `repair_obedience`
- Fails:
  - `adjacent_integration`
  - `forced_report_obedience`

Interpretation:
- This looks like run-to-run behavioral variance, not a new stable regression.
- The most important gains from the breakthrough remain intact:
  - full required core-file coverage
  - first-try valid JSON
- The drop came from the previously unstable adjacent-file behavior:
  - no actual adjacent non-context Go-file read in this run
  - still one post-boundary pseudo tool-call
- No new scorer/harness problem is visible; metrics match the raw trace.

Why I did not intervene:
- Current policy already produced a recent `5/6` result.
- The benchmark family is still informative.
- The new run did not reveal a new failure class; it only re-exposed the known last-mile control issue and adjacent-read variance.
- Given that, another policy change now would be premature.

Repo changes made:
- Updated `docs/experiments/autoresearch/manager_state.json` with:
  - `last_reviewed_at`
  - `next_meaningful_review_after`
  - `last_manager_action`
  - `last_tick_status`
  - `last_reviewed_results_path`
  - concise notes about the `cycle=10` regression and why it does not yet justify intervention
- No changes to `variants.yaml`
- `best_variant_id` remains `baseline`

Supervisory continuity:
- Continue the current line.
- Watch whether:
  - adjacent non-context reads become consistently stable
  - forced-report obedience is the only remaining miss across multiple runs
- Next meaningful review is deferred until more post-breakthrough evidence accumulates.
